Path Group                  WNS        TNS     NVP      FREQ      WNS(H)     TNS(H)  NVP(H)
-------------------------------------------------------------------------------------------
clock                    15.887        0.0       0     243MHz      0.252        0.0       0
-------------------------------------------------------------------------------------------
Summary                  15.887        0.0       0     243MHz      0.252        0.0       0
-------------------------------------------------------------------------------------------
    CAP  FANOUT    TRAN    TDRC      CELLA    BUFS     LEAFS       TNETS      CTBUF    REGS
-------------------------------------------------------------------------------------------
      0       0       0       0       9462      ~K        4K          ~K          ~       ~
-------------------------------------------------------------------------------------------

NVP    - No. of Violating Paths
FREQ   - Estimated Frequency, not accurate in some cases, multi/half-cycle, etc
WNS(H) - Hold WNS
TNS(H) - Hold TNS
NVP(H) - Hold NVP
