Path Group                  WNS        TNS     NVP      FREQ      WNS(H)     TNS(H)  NVP(H)
-------------------------------------------------------------------------------------------
clock                    13.055        0.0       0     144MHz      0.289        0.0       0
-------------------------------------------------------------------------------------------
Summary                  13.055        0.0       0     144MHz      0.289        0.0       0
-------------------------------------------------------------------------------------------
    CAP  FANOUT    TRAN    TDRC      CELLA    BUFS     LEAFS       TNETS      CTBUF    REGS
-------------------------------------------------------------------------------------------
      0       0       0       0      19881      ~K       13K          ~K          ~       ~
-------------------------------------------------------------------------------------------

NVP    - No. of Violating Paths
FREQ   - Estimated Frequency, not accurate in some cases, multi/half-cycle, etc
WNS(H) - Hold WNS
TNS(H) - Hold TNS
NVP(H) - Hold NVP
