###################################################################
+-----------------+---------------+
| ECC             | V23.03-OS-01  |
+-----------------+---------------+
| Stage           | iRT - Routing |
| Runtime         | 0.000000 s    |
| Memmory         | 0.000000 MB   |
|                 |               |
| Design Name     | Rv32ePca      |
| DEF&LEF Version | 5.8           |
| DBU             | 1000          |
+-----------------+---------------+

###################################################################
Summary
+------------------------+----------------------------------------+
| Module                 | Value                                  |
+------------------------+----------------------------------------+
| DIE Area ( um^2 )      | 33014.880000 = 181.600000 * 181.800000 |
| DIE Usage              | 0.288506                               |
| CORE Area ( um^2 )     | 31577.280000 = 177.600000 * 177.800000 |
| CORE Usage             | 0.301641                               |
|                        |                                        |
| Number - Site          | 3                                      |
| Number - Row           | 127                                    |
| Number - Track         | 14                                     |
| Number - Layer         | 20                                     |
| Number - Routing Layer | 7                                      |
| Number - Cut Layer     | 7                                      |
| Number - GCell Grid    | 6                                      |
| Number - Cell Master   | 1570                                   |
| Number - Via Rule      | 48                                     |
|                        |                                        |
| Number - IO Pin        | 200                                    |
| Number - Instance      | 13533                                  |
| Number - Blockage      | 0                                      |
| Number - Filler        | 0                                      |
| Number - Net           | 4263                                   |
| Number - Special Net   | 2                                      |
+------------------------+----------------------------------------+

Summary - Instance
+---------------+--------+--------------+---------+------------+
| Type          | Number | Number Ratio | Area    | Area Ratio |
+---------------+--------+--------------+---------+------------+
| All Instances | 13533  | 1            | 31577.3 | 1          |
|               |        |              |         |            |
| Netlist       | 4082   | 0.301633     | 9462.04 | 0.299647   |
| Physical      | 9433   | 0.697037     | 22051.4 | 0.698331   |
| Timing        | 18     | 0.00133008   | 63.84   | 0.00202171 |
|               |        |              |         |            |
| Core          | 13533  | 1            | 31577.3 | 1          |
| Core - logic  | 4100   | 0.302963     | 9525.88 | 0.301669   |
| Pad           | 0      | 0            | 0       | 0          |
| Block         | 0      | 0            | 0       | 0          |
| Endcap        | 0      | 0            | 0       | 0          |
| Cover         | 0      | 0            | 0       | 0          |
| Ring          | 0      | 0            | 0       | 0          |
+---------------+--------+--------------+---------+------------+

Summary - Net
+----------------+--------+--------------+----------+--------------+
| Net Type       | Number | Number Ratio | Length   | Length Ratio |
+----------------+--------+--------------+----------+--------------+
| All Nets       | 4263   | 1            | 98591869 | 1            |
| Signal         | 4250   | 0.996951     | 96461048 | 0.978387     |
| Clock          | 13     | 0.0030495    | 2130821  | 0.0216125    |
| Power & Ground | 0      | 0            | 0        | 0            |
+----------------+--------+--------------+----------+--------------+

Summary - Layer
+---------+-------------------+-------------------------+-------------------+------------------+--------------------+---------------------------+---------------------------+--------------------------+
| Layer   | Net - Wire Length | Net - Wire Length Ratio | Net - Wire Number | Net - Via Number | Net - Patch Number | Special Net - Wire Length | Special Net - Wire Number | Special Net - Via Number |
+---------+-------------------+-------------------------+-------------------+------------------+--------------------+---------------------------+---------------------------+--------------------------+
| OVERLAP | 0                 | 0                       | 0                 | 0                | 0                  | 0                         | 0                         | 0                        |
| ACT     | 0                 | 0                       | 0                 | 0                | 0                  | 0                         | 0                         | 0                        |
| NP      | 0                 | 0                       | 0                 | 0                | 0                  | 0                         | 0                         | 0                        |
| PP      | 0                 | 0                       | 0                 | 0                | 0                  | 0                         | 0                         | 0                        |
| NW1     | 0                 | 0                       | 0                 | 0                | 0                  | 0                         | 0                         | 0                        |
| POLY    | 0                 | 0                       | 0                 | 0                | 0                  | 0                         | 0                         | 0                        |
| CT      | 0                 | 0                       | 0                 | 0                | 0                  | 0                         | 0                         | 0                        |
| MET1    | 0                 | 0                       | 0                 | 0                | 0                  | 22732800                  | 128                       | 0                        |
| VIA1    | 0                 | 0                       | 0                 | 0                | 0                  | 0                         | 0                         | 1472                     |
| MET2    | 29351212          | 0.297704                | 22068             | 0                | 47                 | 0                         | 0                         | 0                        |
| VIA2    | 0                 | 0                       | 0                 | 15889            | 0                  | 0                         | 0                         | 1472                     |
| MET3    | 30502435          | 0.309381                | 12610             | 0                | 880                | 0                         | 0                         | 0                        |
| VIA3    | 0                 | 0                       | 0                 | 3255             | 0                  | 0                         | 0                         | 1472                     |
| MET4    | 19828986          | 0.201122                | 2443              | 0                | 502                | 4089400                   | 23                        | 0                        |
| VIA4    | 0                 | 0                       | 0                 | 1379             | 0                  | 0                         | 0                         | 265                      |
| MET5    | 18909236          | 0.191793                | 1528              | 0                | 0                  | 4084800                   | 23                        | 0                        |
| T4V2    | 0                 | 0                       | 0                 | 0                | 0                  | 0                         | 0                         | 0                        |
| T4M2    | 0                 | 0                       | 0                 | 0                | 0                  | 0                         | 0                         | 0                        |
| RV      | 0                 | 0                       | 0                 | 0                | 0                  | 0                         | 0                         | 0                        |
| RDL     | 0                 | 0                       | 0                 | 0                | 0                  | 0                         | 0                         | 0                        |
+---------+-------------------+-------------------------+-------------------+------------------+--------------------+---------------------------+---------------------------+--------------------------+

Summary - Pin Distribution
+------------+------------+-----------+-----------------+----------------+
| Pin Number | Net Number | Net Ratio | Instance Number | Instance Ratio |
+------------+------------+-----------+-----------------+----------------+
| 0          | 95         | 0.022285  | 9433            | 0.697037       |
| 1          | 21         | 0.004926  | 2               | 0.000148       |
| 2          | 2085       | 0.489092  | 246             | 0.018178       |
| 3          | 668        | 0.156697  | 1665            | 0.123033       |
| 4          | 751        | 0.176167  | 1346            | 0.099461       |
| 5          | 207        | 0.048557  | 712             | 0.052612       |
| 6          | 105        | 0.024631  | 113             | 0.008350       |
| 7          | 66         | 0.015482  | 16              | 0.001182       |
| 8          | 30         | 0.007037  | 0               | 0.000000       |
| 9          | 47         | 0.011025  | 0               | 0.000000       |
| 10         | 12         | 0.002815  | 0               | 0.000000       |
| 11         | 12         | 0.002815  | 0               | 0.000000       |
| 12         | 20         | 0.004692  | 0               | 0.000000       |
| 13         | 6          | 0.001407  | 0               | 0.000000       |
| 14         | 8          | 0.001877  | 0               | 0.000000       |
| 15         | 8          | 0.001877  | 0               | 0.000000       |
| 16         | 7          | 0.001642  | 0               | 0.000000       |
| 17         | 6          | 0.001407  | 0               | 0.000000       |
| 18         | 6          | 0.001407  | 0               | 0.000000       |
| 19         | 2          | 0.000469  | 0               | 0.000000       |
| 20         | 2          | 0.000469  | 0               | 0.000000       |
| 21         | 84         | 0.019704  | 0               | 0.000000       |
| 22         | 0          | 0.000000  | 0               | 0.000000       |
| 23         | 0          | 0.000000  | 0               | 0.000000       |
| 24         | 0          | 0.000000  | 0               | 0.000000       |
| 25         | 0          | 0.000000  | 0               | 0.000000       |
| 26         | 0          | 0.000000  | 0               | 0.000000       |
| 27         | 1          | 0.000235  | 0               | 0.000000       |
| 28         | 0          | 0.000000  | 0               | 0.000000       |
| 29         | 2          | 0.000469  | 0               | 0.000000       |
| 30         | 0          | 0.000000  | 0               | 0.000000       |
| 31         | 6          | 0.001407  | 0               | 0.000000       |
| 32         | 1          | 0.000235  | 0               | 0.000000       |
| >= 32      | 5          | 0.001173  | 0               | 0.000000       |
+------------+------------+-----------+-----------------+----------------+

